// Jest Snapshot v1, https://goo.gl/fbAQLP

exports[`Booking Calendar component should render Booking Calendar component 1`] = `
"<Provider store={{...}}>
  <Calendar onClickBooking={[Function: mockConstructor] { _isMockFunction: true, getMockImplementation: [Function (anonymous)], mock: { calls: [], instances: [], invocationCallOrder: [], results: [] }, mockClear: [Function (anonymous)], mockReset: [Function (anonymous)], mockRestore: [Function (anonymous)], mockReturnValueOnce: [Function (anonymous)], mockResolvedValueOnce: [Function (anonymous)], mockRejectedValueOnce: [Function (anonymous)], mockReturnValue: [Function (anonymous)], mockResolvedValue: [Function (anonymous)], mockRejectedValue: [Function (anonymous)], mockImplementationOnce: [Function (anonymous)], mockImplementation: [Function (anonymous)], mockReturnThis: [Function (anonymous)], mockName: [Function (anonymous)], getMockName: [Function (anonymous)] }} startDate={{...}} endDate={{...}}>
    <div>
      <div className=\\"shahmatkaBox\\">
        <div className=\\"headerRow\\">
          <div className=\\"headerCell\\" />
          <div className=\\"headerCell\\">
            04.02
          </div>
          <div className=\\"headerCell\\">
            05.02
          </div>
          <div className=\\"headerCell\\">
            06.02
          </div>
          <div className=\\"headerCell\\">
            07.02
          </div>
          <div className=\\"headerCell\\">
            08.02
          </div>
          <div className=\\"headerCell\\">
            09.02
          </div>
          <div className=\\"headerCell\\">
            10.02
          </div>
          <div className=\\"headerCell\\">
            11.02
          </div>
          <div className=\\"headerCell\\">
            12.02
          </div>
          <div className=\\"headerCell\\">
            13.02
          </div>
          <div className=\\"headerCell\\">
            14.02
          </div>
          <div className=\\"headerCell\\">
            15.02
          </div>
          <div className=\\"headerCell\\">
            16.02
          </div>
          <div className=\\"headerCell\\">
            17.02
          </div>
        </div>
        <div className=\\"roomRow\\">
          <div className=\\"roomCell\\">
            № 
            23
          </div>
          <div onClick={[Function: onClick]} className=\\" cell d04-02-21 dayCell\\">
            <div className=\\"roomSubCell\\" />
            <div className=\\"roomSubCellLeft\\" />
            <div onClick={[Function: onClick]} className=\\"bookingCellFio\\" style={{...}} />
          </div>
          <div onClick={[Function: onClick]} className=\\" cell d05-02-21 dayCell\\">
            <div className=\\"roomSubCell\\" />
            <div className=\\"roomSubCellLeft\\" />
            <div onClick={[Function: onClick]} className=\\"bookingCellFio\\" style={{...}} />
          </div>
          <div onClick={[Function: onClick]} className=\\" cell d06-02-21 dayCell\\">
            <div className=\\"roomSubCell\\" />
            <div className=\\"roomSubCellLeft\\" />
            <div onClick={[Function: onClick]} className=\\"bookingCellFio\\" style={{...}} />
          </div>
          <div onClick={[Function: onClick]} className=\\" cell d07-02-21 dayCell\\">
            <div className=\\"roomSubCell\\" />
            <div className=\\"roomSubCellLeft\\" />
            <div onClick={[Function: onClick]} className=\\"bookingCellFio\\" style={{...}} />
          </div>
          <div onClick={[Function: onClick]} className=\\" cell d08-02-21 dayCell\\">
            <div className=\\"roomSubCell\\" />
            <div className=\\"roomSubCellLeft\\" />
            <div onClick={[Function: onClick]} className=\\"bookingCellFio\\" style={{...}} />
          </div>
          <div onClick={[Function: onClick]} className=\\" cell d09-02-21 dayCell\\">
            <div className=\\"roomSubCell\\" />
            <div className=\\"roomSubCellLeft\\" />
            <div onClick={[Function: onClick]} className=\\"bookingCellFio\\" style={{...}} />
          </div>
          <div onClick={[Function: onClick]} className=\\" cell d10-02-21 dayCell\\">
            <div className=\\"roomSubCell\\" />
            <div className=\\"roomSubCellLeft\\" />
            <div onClick={[Function: onClick]} className=\\"bookingCellFio\\" style={{...}} />
          </div>
          <div onClick={[Function: onClick]} className=\\" cell d11-02-21 dayCell\\">
            <div className=\\"roomSubCell\\" />
            <div className=\\"roomSubCellLeft\\" />
            <div onClick={[Function: onClick]} className=\\"bookingCellFio\\" style={{...}} />
          </div>
          <div onClick={[Function: onClick]} className=\\" cell d12-02-21 dayCell\\">
            <div className=\\"roomSubCell\\" />
            <div className=\\"roomSubCellLeft\\" />
            <div onClick={[Function: onClick]} className=\\"bookingCellFio\\" style={{...}} />
          </div>
          <div onClick={[Function: onClick]} className=\\" cell d13-02-21 dayCell\\">
            <div className=\\"roomSubCell\\" />
            <div className=\\"roomSubCellLeft\\" />
            <div onClick={[Function: onClick]} className=\\"bookingCellFio\\" style={{...}} />
          </div>
          <div onClick={[Function: onClick]} className=\\" cell d14-02-21 dayCell\\">
            <div className=\\"roomSubCell\\" />
            <div className=\\"roomSubCellLeft\\" />
            <div onClick={[Function: onClick]} className=\\"bookingCellFio\\" style={{...}} />
          </div>
          <div onClick={[Function: onClick]} className=\\" cell d15-02-21 dayCell\\">
            <div className=\\"roomSubCell\\" />
            <div className=\\"roomSubCellLeft\\" />
            <div onClick={[Function: onClick]} className=\\"bookingCellFio\\" style={{...}} />
          </div>
          <div onClick={[Function: onClick]} className=\\" cell d16-02-21 dayCell\\">
            <div className=\\"roomSubCell\\" />
            <div className=\\"roomSubCellLeft\\" />
            <div onClick={[Function: onClick]} className=\\"bookingCellFio\\" style={{...}} />
          </div>
          <div onClick={[Function: onClick]} className=\\" cell d17-02-21 dayCell\\">
            <div className=\\"roomSubCell\\" />
            <div className=\\"roomSubCellLeft\\" />
            <div onClick={[Function: onClick]} className=\\"bookingCellFio\\" style={{...}} />
          </div>
        </div>
        <div className=\\"clear\\" />
      </div>
      <div style={{...}}>
        <Button onClick={[Function: PrevWeek]} className=\\"controlButtons\\" title=\\"<< Prev\\">
          <button onClick={[Function: PrevWeek]} className=\\"controlButtons\\">
            &lt;&lt; Prev
          </button>
        </Button>
        <Button onClick={[Function: NextWeek]} className=\\"controlButtons\\" title=\\"Next >>\\">
          <button onClick={[Function: NextWeek]} className=\\"controlButtons\\">
            Next &gt;&gt;
          </button>
        </Button>
      </div>
      <Button onClick={[Function: onClick]} title=\\"Clear\\">
        <button onClick={[Function: onClick]} className={[undefined]}>
          Clear
        </button>
      </Button>
    </div>
  </Calendar>
</Provider>"
`;
